com\fi9e\rest\daotests\HibernateTest.class
com\fi9e\rest\dao\CategoryDao.class
com\fi9e\rest\entity\Article.class
com\fi9e\rest\exceptions\ApiException.class
com\fi9e\rest\dto\ArticleDTO.class
com\fi9e\rest\dto\CategoryDTO.class
com\fi9e\rest\mappers\ArticleMapper.class
com\fi9e\rest\daotests\ArticleDaoTest.class
com\fi9e\rest\config\RestApplication.class
com\fi9e\rest\exceptions\ApiExceptionHandler.class
com\fi9e\rest\dao\RestJdbc.class
com\fi9e\rest\entity\Category.class
com\fi9e\rest\entity\Role.class
com\fi9e\rest\config\CORSFilter.class
com\fi9e\rest\resources\CategoryComponentHandler.class
com\fi9e\rest\resources\ArticlesComponentHandler.class
com\fi9e\rest\daotests\UserDaoTest.class
com\fi9e\rest\managers\CategoryManager.class
com\fi9e\rest\dao\ArticleDao.class
com\fi9e\rest\entity\User.class
com\fi9e\rest\resources\MyResource.class
com\fi9e\rest\dao\TestJdbc.class
com\fi9e\rest\managers\ArticleManager.class
com\fi9e\rest\resources\UserComponentHandler.class
com\fi9e\rest\dao\UserDao.class
com\fi9e\rest\mappers\CategoryMapper.class
